Archive member included because of file (symbol)

d:/imt_sdk_win_64/winavr/bin/../lib/gcc/avr/4.3.3/avr5\libgcc.a(_mulsi3.o)
                              ./LM35_progom.o (__mulsi3)
d:/imt_sdk_win_64/winavr/bin/../lib/gcc/avr/4.3.3/avr5\libgcc.a(_udivmodhi4.o)
                              ./TMR_program.o (__udivmodhi4)
d:/imt_sdk_win_64/winavr/bin/../lib/gcc/avr/4.3.3/avr5\libgcc.a(_divmodhi4.o)
                              ./TMR_program.o (__divmodhi4)
d:/imt_sdk_win_64/winavr/bin/../lib/gcc/avr/4.3.3/avr5\libgcc.a(_divmodsi4.o)
                              ./CLCD_program.o (__divmodsi4)
d:/imt_sdk_win_64/winavr/bin/../lib/gcc/avr/4.3.3/avr5\libgcc.a(_exit.o)
                              d:/imt_sdk_win_64/winavr/bin/../lib/gcc/avr/4.3.3/../../../../avr/lib/avr5/crtm32.o (exit)
d:/imt_sdk_win_64/winavr/bin/../lib/gcc/avr/4.3.3/avr5\libgcc.a(_copy_data.o)
                              ./AppMaster.o (__do_copy_data)
d:/imt_sdk_win_64/winavr/bin/../lib/gcc/avr/4.3.3/avr5\libgcc.a(_clear_bss.o)
                              ./ADC_program.o (__do_clear_bss)
d:/imt_sdk_win_64/winavr/bin/../lib/gcc/avr/4.3.3/avr5\libgcc.a(_fixunssfsi.o)
                              ./AppMaster.o (__fixunssfsi)
d:/imt_sdk_win_64/winavr/bin/../lib/gcc/avr/4.3.3/avr5\libgcc.a(_addsub_sf.o)
                              ./TMR_program.o (__subsf3)
d:/imt_sdk_win_64/winavr/bin/../lib/gcc/avr/4.3.3/avr5\libgcc.a(_mul_sf.o)
                              ./AppMaster.o (__mulsf3)
d:/imt_sdk_win_64/winavr/bin/../lib/gcc/avr/4.3.3/avr5\libgcc.a(_div_sf.o)
                              ./LM35_progom.o (__divsf3)
d:/imt_sdk_win_64/winavr/bin/../lib/gcc/avr/4.3.3/avr5\libgcc.a(_eq_sf.o)
                              ./TMR_program.o (__eqsf2)
d:/imt_sdk_win_64/winavr/bin/../lib/gcc/avr/4.3.3/avr5\libgcc.a(_gt_sf.o)
                              ./AppMaster.o (__gtsf2)
d:/imt_sdk_win_64/winavr/bin/../lib/gcc/avr/4.3.3/avr5\libgcc.a(_ge_sf.o)
                              d:/imt_sdk_win_64/winavr/bin/../lib/gcc/avr/4.3.3/avr5\libgcc.a(_fixunssfsi.o) (__gesf2)
d:/imt_sdk_win_64/winavr/bin/../lib/gcc/avr/4.3.3/avr5\libgcc.a(_lt_sf.o)
                              ./AppMaster.o (__ltsf2)
d:/imt_sdk_win_64/winavr/bin/../lib/gcc/avr/4.3.3/avr5\libgcc.a(_sf_to_si.o)
                              d:/imt_sdk_win_64/winavr/bin/../lib/gcc/avr/4.3.3/avr5\libgcc.a(_fixunssfsi.o) (__fixsfsi)
d:/imt_sdk_win_64/winavr/bin/../lib/gcc/avr/4.3.3/avr5\libgcc.a(_thenan_sf.o)
                              d:/imt_sdk_win_64/winavr/bin/../lib/gcc/avr/4.3.3/avr5\libgcc.a(_addsub_sf.o) (__thenan_sf)
d:/imt_sdk_win_64/winavr/bin/../lib/gcc/avr/4.3.3/avr5\libgcc.a(_usi_to_sf.o)
                              ./LM35_progom.o (__floatunsisf)
d:/imt_sdk_win_64/winavr/bin/../lib/gcc/avr/4.3.3/avr5\libgcc.a(_udivmodsi4.o)
                              d:/imt_sdk_win_64/winavr/bin/../lib/gcc/avr/4.3.3/avr5\libgcc.a(_divmodsi4.o) (__udivmodsi4)
d:/imt_sdk_win_64/winavr/bin/../lib/gcc/avr/4.3.3/avr5\libgcc.a(_prologue.o)
                              d:/imt_sdk_win_64/winavr/bin/../lib/gcc/avr/4.3.3/avr5\libgcc.a(_addsub_sf.o) (__prologue_saves__)
d:/imt_sdk_win_64/winavr/bin/../lib/gcc/avr/4.3.3/avr5\libgcc.a(_epilogue.o)
                              d:/imt_sdk_win_64/winavr/bin/../lib/gcc/avr/4.3.3/avr5\libgcc.a(_addsub_sf.o) (__epilogue_restores__)
d:/imt_sdk_win_64/winavr/bin/../lib/gcc/avr/4.3.3/avr5\libgcc.a(_clzsi2.o)
                              d:/imt_sdk_win_64/winavr/bin/../lib/gcc/avr/4.3.3/avr5\libgcc.a(_usi_to_sf.o) (__clzsi2)
d:/imt_sdk_win_64/winavr/bin/../lib/gcc/avr/4.3.3/avr5\libgcc.a(_pack_sf.o)
                              d:/imt_sdk_win_64/winavr/bin/../lib/gcc/avr/4.3.3/avr5\libgcc.a(_addsub_sf.o) (__pack_f)
d:/imt_sdk_win_64/winavr/bin/../lib/gcc/avr/4.3.3/avr5\libgcc.a(_unpack_sf.o)
                              d:/imt_sdk_win_64/winavr/bin/../lib/gcc/avr/4.3.3/avr5\libgcc.a(_addsub_sf.o) (__unpack_f)
d:/imt_sdk_win_64/winavr/bin/../lib/gcc/avr/4.3.3/avr5\libgcc.a(_fpcmp_parts_sf.o)
                              d:/imt_sdk_win_64/winavr/bin/../lib/gcc/avr/4.3.3/avr5\libgcc.a(_eq_sf.o) (__fpcmp_parts_f)
d:/imt_sdk_win_64/winavr/bin/../lib/gcc/avr/4.3.3/avr5\libgcc.a(_clz.o)
                              d:/imt_sdk_win_64/winavr/bin/../lib/gcc/avr/4.3.3/avr5\libgcc.a(_clzsi2.o) (__clz_tab)

Memory Configuration

Name             Origin             Length             Attributes
text             0x00000000         0x00020000         xr
data             0x00800060         0x0000ffa0         rw !x
eeprom           0x00810000         0x00010000         rw !x
fuse             0x00820000         0x00000400         rw !x
lock             0x00830000         0x00000400         rw !x
signature        0x00840000         0x00000400         rw !x
*default*        0x00000000         0xffffffff

Linker script and memory map

LOAD d:/imt_sdk_win_64/winavr/bin/../lib/gcc/avr/4.3.3/../../../../avr/lib/avr5/crtm32.o
LOAD ./ADC_program.o
LOAD ./AppMaster.o
LOAD ./CLCD_program.o
LOAD ./DCMOTOR_progam.o
LOAD ./DIO_program.o
LOAD ./EXTI_program.o
LOAD ./EXT_EEPROM_program.o
LOAD ./GIE_program.o
LOAD ./INT_EEPROM_program.o
LOAD ./KEYPAD_program.o
LOAD ./LDR_progom.o
LOAD ./LM35_progom.o
LOAD ./PORT_program.o
LOAD ./SPI_program.o
LOAD ./SSD_progom.o
LOAD ./TMR_program.o
LOAD ./TWI_program.o
LOAD ./USART_program.o
LOAD ./WDT_program.o
LOAD ./main.o
LOAD d:/imt_sdk_win_64/winavr/bin/../lib/gcc/avr/4.3.3/avr5\libgcc.a
LOAD d:/imt_sdk_win_64/winavr/bin/../lib/gcc/avr/4.3.3/../../../../avr/lib/avr5\libc.a
LOAD d:/imt_sdk_win_64/winavr/bin/../lib/gcc/avr/4.3.3/avr5\libgcc.a

.hash
 *(.hash)

.dynsym
 *(.dynsym)

.dynstr
 *(.dynstr)

.gnu.version
 *(.gnu.version)

.gnu.version_d
 *(.gnu.version_d)

.gnu.version_r
 *(.gnu.version_r)

.rel.init
 *(.rel.init)

.rela.init
 *(.rela.init)

.rel.text
 *(.rel.text)
 *(.rel.text.*)
 *(.rel.gnu.linkonce.t*)

.rela.text
 *(.rela.text)
 *(.rela.text.*)
 *(.rela.gnu.linkonce.t*)

.rel.fini
 *(.rel.fini)

.rela.fini
 *(.rela.fini)

.rel.rodata
 *(.rel.rodata)
 *(.rel.rodata.*)
 *(.rel.gnu.linkonce.r*)

.rela.rodata
 *(.rela.rodata)
 *(.rela.rodata.*)
 *(.rela.gnu.linkonce.r*)

.rel.data
 *(.rel.data)
 *(.rel.data.*)
 *(.rel.gnu.linkonce.d*)

.rela.data
 *(.rela.data)
 *(.rela.data.*)
 *(.rela.gnu.linkonce.d*)

.rel.ctors
 *(.rel.ctors)

.rela.ctors
 *(.rela.ctors)

.rel.dtors
 *(.rel.dtors)

.rela.dtors
 *(.rela.dtors)

.rel.got
 *(.rel.got)

.rela.got
 *(.rela.got)

.rel.bss
 *(.rel.bss)

.rela.bss
 *(.rela.bss)

.rel.plt
 *(.rel.plt)

.rela.plt
 *(.rela.plt)

.text           0x00000000     0x6128
 *(.vectors)
 .vectors       0x00000000       0x54 d:/imt_sdk_win_64/winavr/bin/../lib/gcc/avr/4.3.3/../../../../avr/lib/avr5/crtm32.o
                0x00000000                __vectors
                0x00000000                __vector_default
 *(.vectors)
 *(.progmem.gcc*)
 *(.progmem*)
                0x00000054                . = ALIGN (0x2)
                0x00000054                __trampolines_start = .
 *(.trampolines)
 .trampolines   0x00000054        0x0 linker stubs
 *(.trampolines*)
                0x00000054                __trampolines_end = .
 *(.jumptables)
 *(.jumptables*)
 *(.lowtext)
 *(.lowtext*)
                0x00000054                __ctors_start = .
 *(.ctors)
                0x00000054                __ctors_end = .
                0x00000054                __dtors_start = .
 *(.dtors)
                0x00000054                __dtors_end = .
 SORT(*)(.ctors)
 SORT(*)(.dtors)
 *(.init0)
 .init0         0x00000054        0x0 d:/imt_sdk_win_64/winavr/bin/../lib/gcc/avr/4.3.3/../../../../avr/lib/avr5/crtm32.o
                0x00000054                __init
 *(.init0)
 *(.init1)
 *(.init1)
 *(.init2)
 .init2         0x00000054        0xc d:/imt_sdk_win_64/winavr/bin/../lib/gcc/avr/4.3.3/../../../../avr/lib/avr5/crtm32.o
 *(.init2)
 *(.init3)
 *(.init3)
 *(.init4)
 .init4         0x00000060       0x16 d:/imt_sdk_win_64/winavr/bin/../lib/gcc/avr/4.3.3/avr5\libgcc.a(_copy_data.o)
                0x00000060                __do_copy_data
 .init4         0x00000076       0x10 d:/imt_sdk_win_64/winavr/bin/../lib/gcc/avr/4.3.3/avr5\libgcc.a(_clear_bss.o)
                0x00000076                __do_clear_bss
 *(.init4)
 *(.init5)
 *(.init5)
 *(.init6)
 *(.init6)
 *(.init7)
 *(.init7)
 *(.init8)
 *(.init8)
 *(.init9)
 .init9         0x00000086        0x8 d:/imt_sdk_win_64/winavr/bin/../lib/gcc/avr/4.3.3/../../../../avr/lib/avr5/crtm32.o
 *(.init9)
 *(.text)
 .text          0x0000008e        0x4 d:/imt_sdk_win_64/winavr/bin/../lib/gcc/avr/4.3.3/../../../../avr/lib/avr5/crtm32.o
                0x0000008e                __bad_interrupt
                0x0000008e                __vector_17
                0x0000008e                __vector_19
                0x0000008e                __vector_18
                0x0000008e                __vector_20
 .text          0x00000092        0x0 ./ADC_program.o
 .text          0x00000092        0x0 ./AppMaster.o
 .text          0x00000092        0x0 ./CLCD_program.o
 .text          0x00000092        0x0 ./DCMOTOR_progam.o
 .text          0x00000092        0x0 ./DIO_program.o
 .text          0x00000092        0x0 ./EXTI_program.o
 .text          0x00000092        0x0 ./EXT_EEPROM_program.o
 .text          0x00000092        0x0 ./GIE_program.o
 .text          0x00000092        0x0 ./INT_EEPROM_program.o
 .text          0x00000092        0x0 ./KEYPAD_program.o
 .text          0x00000092        0x0 ./LDR_progom.o
 .text          0x00000092        0x0 ./LM35_progom.o
 .text          0x00000092        0x0 ./PORT_program.o
 .text          0x00000092        0x0 ./SPI_program.o
 .text          0x00000092        0x0 ./SSD_progom.o
 .text          0x00000092        0x0 ./TMR_program.o
 .text          0x00000092        0x0 ./TWI_program.o
 .text          0x00000092        0x0 ./USART_program.o
 .text          0x00000092        0x0 ./WDT_program.o
 .text          0x00000092        0x0 ./main.o
 .text          0x00000092        0x0 d:/imt_sdk_win_64/winavr/bin/../lib/gcc/avr/4.3.3/avr5\libgcc.a(_mulsi3.o)
 .text          0x00000092        0x0 d:/imt_sdk_win_64/winavr/bin/../lib/gcc/avr/4.3.3/avr5\libgcc.a(_udivmodhi4.o)
 .text          0x00000092        0x0 d:/imt_sdk_win_64/winavr/bin/../lib/gcc/avr/4.3.3/avr5\libgcc.a(_divmodhi4.o)
 .text          0x00000092        0x0 d:/imt_sdk_win_64/winavr/bin/../lib/gcc/avr/4.3.3/avr5\libgcc.a(_divmodsi4.o)
 .text          0x00000092        0x0 d:/imt_sdk_win_64/winavr/bin/../lib/gcc/avr/4.3.3/avr5\libgcc.a(_exit.o)
 .text          0x00000092        0x0 d:/imt_sdk_win_64/winavr/bin/../lib/gcc/avr/4.3.3/avr5\libgcc.a(_copy_data.o)
 .text          0x00000092        0x0 d:/imt_sdk_win_64/winavr/bin/../lib/gcc/avr/4.3.3/avr5\libgcc.a(_clear_bss.o)
 .text          0x00000092       0x58 d:/imt_sdk_win_64/winavr/bin/../lib/gcc/avr/4.3.3/avr5\libgcc.a(_fixunssfsi.o)
                0x00000092                __fixunssfsi
 .text          0x000000ea      0x354 d:/imt_sdk_win_64/winavr/bin/../lib/gcc/avr/4.3.3/avr5\libgcc.a(_addsub_sf.o)
                0x00000382                __subsf3
                0x000003e4                __addsf3
 .text          0x0000043e      0x1f4 d:/imt_sdk_win_64/winavr/bin/../lib/gcc/avr/4.3.3/avr5\libgcc.a(_mul_sf.o)
                0x0000043e                __mulsf3
 .text          0x00000632      0x158 d:/imt_sdk_win_64/winavr/bin/../lib/gcc/avr/4.3.3/avr5\libgcc.a(_div_sf.o)
                0x00000632                __divsf3
 .text          0x0000078a       0x60 d:/imt_sdk_win_64/winavr/bin/../lib/gcc/avr/4.3.3/avr5\libgcc.a(_eq_sf.o)
                0x0000078a                __eqsf2
 .text          0x000007ea       0x60 d:/imt_sdk_win_64/winavr/bin/../lib/gcc/avr/4.3.3/avr5\libgcc.a(_gt_sf.o)
                0x000007ea                __gtsf2
 .text          0x0000084a       0x60 d:/imt_sdk_win_64/winavr/bin/../lib/gcc/avr/4.3.3/avr5\libgcc.a(_ge_sf.o)
                0x0000084a                __gesf2
 .text          0x000008aa       0x60 d:/imt_sdk_win_64/winavr/bin/../lib/gcc/avr/4.3.3/avr5\libgcc.a(_lt_sf.o)
                0x000008aa                __ltsf2
 .text          0x0000090a       0xa8 d:/imt_sdk_win_64/winavr/bin/../lib/gcc/avr/4.3.3/avr5\libgcc.a(_sf_to_si.o)
                0x0000090a                __fixsfsi
 .text          0x000009b2        0x0 d:/imt_sdk_win_64/winavr/bin/../lib/gcc/avr/4.3.3/avr5\libgcc.a(_thenan_sf.o)
 .text          0x000009b2       0xf2 d:/imt_sdk_win_64/winavr/bin/../lib/gcc/avr/4.3.3/avr5\libgcc.a(_usi_to_sf.o)
                0x000009b2                __floatunsisf
 .text          0x00000aa4        0x0 d:/imt_sdk_win_64/winavr/bin/../lib/gcc/avr/4.3.3/avr5\libgcc.a(_udivmodsi4.o)
 .text          0x00000aa4        0x0 d:/imt_sdk_win_64/winavr/bin/../lib/gcc/avr/4.3.3/avr5\libgcc.a(_prologue.o)
 .text          0x00000aa4        0x0 d:/imt_sdk_win_64/winavr/bin/../lib/gcc/avr/4.3.3/avr5\libgcc.a(_epilogue.o)
 .text          0x00000aa4       0x9e d:/imt_sdk_win_64/winavr/bin/../lib/gcc/avr/4.3.3/avr5\libgcc.a(_clzsi2.o)
                0x00000aa4                __clzsi2
 .text          0x00000b42      0x1aa d:/imt_sdk_win_64/winavr/bin/../lib/gcc/avr/4.3.3/avr5\libgcc.a(_pack_sf.o)
                0x00000b42                __pack_f
 .text          0x00000cec       0xf0 d:/imt_sdk_win_64/winavr/bin/../lib/gcc/avr/4.3.3/avr5\libgcc.a(_unpack_sf.o)
                0x00000cec                __unpack_f
 .text          0x00000ddc       0xb2 d:/imt_sdk_win_64/winavr/bin/../lib/gcc/avr/4.3.3/avr5\libgcc.a(_fpcmp_parts_sf.o)
                0x00000ddc                __fpcmp_parts_f
 .text          0x00000e8e        0x0 d:/imt_sdk_win_64/winavr/bin/../lib/gcc/avr/4.3.3/avr5\libgcc.a(_clz.o)
                0x00000e8e                . = ALIGN (0x2)
 *(.text.*)
 .text.ADC_voidInt
                0x00000e8e       0x8c ./ADC_program.o
                0x00000e8e                ADC_voidInt
 .text.ADC_u8StartConversionSynch
                0x00000f1a      0x100 ./ADC_program.o
                0x00000f1a                ADC_u8StartConversionSynch
 .text.ADC_u8StartConversionAsynch
                0x0000101a       0xa4 ./ADC_program.o
                0x0000101a                ADC_u8StartConversionAsynch
 .text.ADC_u8StartChainAsynch
                0x000010be       0xdc ./ADC_program.o
                0x000010be                ADC_u8StartChainAsynch
 .text.__vector_16
                0x0000119a      0x146 ./ADC_program.o
                0x0000119a                __vector_16
 .text.WelcomeScreen
                0x000012e0      0x120 ./AppMaster.o
                0x000012e0                WelcomeScreen
 .text.LoginHandler
                0x00001400      0x74a ./AppMaster.o
                0x00001400                LoginHandler
 .text.FanControl
                0x00001b4a       0x86 ./AppMaster.o
                0x00001b4a                FanControl
 .text.LightsControl
                0x00001bd0       0xf6 ./AppMaster.o
                0x00001bd0                LightsControl
 .text.Dashboard
                0x00001cc6       0x26 ./AppMaster.o
                0x00001cc6                Dashboard
 .text.ShutDown
                0x00001cec      0x146 ./AppMaster.o
                0x00001cec                ShutDown
 .text.CLCD_voidSendCommand
                0x00001e32      0x2ce ./CLCD_program.o
                0x00001e32                CLCD_voidSendCommand
 .text.CLCD_voidSendData
                0x00002100      0x2ce ./CLCD_program.o
                0x00002100                CLCD_voidSendData
 .text.CLCD_voidInit
                0x000023ce      0x23c ./CLCD_program.o
                0x000023ce                CLCD_voidInit
 .text.CLCD_voidSendString
                0x0000260a       0x52 ./CLCD_program.o
                0x0000260a                CLCD_voidSendString
 .text.CLCD_voidGotoXY
                0x0000265c       0x3e ./CLCD_program.o
                0x0000265c                CLCD_voidGotoXY
 .text.CLCD_voidWriteSpecialCharacter
                0x0000269a       0x82 ./CLCD_program.o
                0x0000269a                CLCD_voidWriteSpecialCharacter
 .text.CLCD_voidWriteNumber
                0x0000271c      0x126 ./CLCD_program.o
                0x0000271c                CLCD_voidWriteNumber
 .text.CLCD_VidDisplayClear
                0x00002842      0x110 ./CLCD_program.o
                0x00002842                CLCD_VidDisplayClear
 .text.DCMOTOR_u8RotateCW
                0x00002952       0x44 ./DCMOTOR_progam.o
                0x00002952                DCMOTOR_u8RotateCW
 .text.DCMOTOR_u8RotateCCW
                0x00002996       0x44 ./DCMOTOR_progam.o
                0x00002996                DCMOTOR_u8RotateCCW
 .text.DCMOTOR_u8Stop
                0x000029da       0x44 ./DCMOTOR_progam.o
                0x000029da                DCMOTOR_u8Stop
 .text.DIO_u8SetPinValue
                0x00002a1e      0x21e ./DIO_program.o
                0x00002a1e                DIO_u8SetPinValue
 .text.DIO_u8SetPortValue
                0x00002c3c       0x90 ./DIO_program.o
                0x00002c3c                DIO_u8SetPortValue
 .text.DIO_u8GetPinValue
                0x00002ccc      0x130 ./DIO_program.o
                0x00002ccc                DIO_u8GetPinValue
 .text.EXTI_voidInt0Init
                0x00002dfc       0x38 ./EXTI_program.o
                0x00002dfc                EXTI_voidInt0Init
 .text.EXTI_voidInt1Init
                0x00002e34       0x38 ./EXTI_program.o
                0x00002e34                EXTI_voidInt1Init
 .text.EXTI_voidInt2Init
                0x00002e6c       0x2a ./EXTI_program.o
                0x00002e6c                EXTI_voidInt2Init
 .text.EXTI_u8Int0SetSenseControl
                0x00002e96       0xdc ./EXTI_program.o
                0x00002e96                EXTI_u8Int0SetSenseControl
 .text.EXTI_u8Int1SetSenseControl
                0x00002f72       0xdc ./EXTI_program.o
                0x00002f72                EXTI_u8Int1SetSenseControl
 .text.EXTI_u8Int2SetSenseControl
                0x0000304e       0x64 ./EXTI_program.o
                0x0000304e                EXTI_u8Int2SetSenseControl
 .text.EXIT_u8IntEnable
                0x000030b2       0x7c ./EXTI_program.o
                0x000030b2                EXIT_u8IntEnable
 .text.EXIT_u8IntDisable
                0x0000312e       0x7c ./EXTI_program.o
                0x0000312e                EXIT_u8IntDisable
 .text.EXTI_u8Int0SetCallBack
                0x000031aa       0x3a ./EXTI_program.o
                0x000031aa                EXTI_u8Int0SetCallBack
 .text.__vector_1
                0x000031e4       0x66 ./EXTI_program.o
                0x000031e4                __vector_1
 .text.EXTI_u8Int1SetCallBack
                0x0000324a       0x3a ./EXTI_program.o
                0x0000324a                EXTI_u8Int1SetCallBack
 .text.__vector_2
                0x00003284       0x66 ./EXTI_program.o
                0x00003284                __vector_2
 .text.EXTI_u8Int2SetCallBack
                0x000032ea       0x3a ./EXTI_program.o
                0x000032ea                EXTI_u8Int2SetCallBack
 .text.__vector_3
                0x00003324       0x66 ./EXTI_program.o
                0x00003324                __vector_3
 .text.EEPROM_VidWrite
                0x0000338a       0x46 ./EXT_EEPROM_program.o
                0x0000338a                EEPROM_VidWrite
 .text.EEPROM_u8Read
                0x000033d0       0x5c ./EXT_EEPROM_program.o
                0x000033d0                EEPROM_u8Read
 .text.GIE_voidEnable
                0x0000342c       0x1c ./GIE_program.o
                0x0000342c                GIE_voidEnable
 .text.GIE_voidDisable
                0x00003448       0x1c ./GIE_program.o
                0x00003448                GIE_voidDisable
 .text.EEPROM_EnableInterrupt
                0x00003464       0x1c ./INT_EEPROM_program.o
                0x00003464                EEPROM_EnableInterrupt
 .text.EEPROM_WriteChar
                0x00003480       0x58 ./INT_EEPROM_program.o
                0x00003480                EEPROM_WriteChar
 .text.EEPROM_ReadChar
                0x000034d8       0x54 ./INT_EEPROM_program.o
                0x000034d8                EEPROM_ReadChar
 .text.EEPROM_ReadString
                0x0000352c       0x44 ./INT_EEPROM_program.o
                0x0000352c                EEPROM_ReadString
 .text.EEPROM_WriteString
                0x00003570       0x4e ./INT_EEPROM_program.o
                0x00003570                EEPROM_WriteString
 .text.KEYPAD_u8GetPressKEY
                0x000035be       0xf0 ./KEYPAD_program.o
                0x000035be                KEYPAD_u8GetPressKEY
 .text.LDR_u8GetAnalogVolt
                0x000036ae       0x1c ./LDR_progom.o
                0x000036ae                LDR_u8GetAnalogVolt
 .text.LM35_u8GetTempreature
                0x000036ca       0x70 ./LM35_progom.o
                0x000036ca                LM35_u8GetTempreature
 .text.PORT_voidInit
                0x0000373a       0x4a ./PORT_program.o
                0x0000373a                PORT_voidInit
 .text.SPI_VidInit
                0x00003784       0x36 ./SPI_program.o
                0x00003784                SPI_VidInit
 .text.SPI_u8TranceiveByteSynch
                0x000037ba       0x80 ./SPI_program.o
                0x000037ba                SPI_u8TranceiveByteSynch
 .text.SPI_u8TranceiveStringAsynch
                0x0000383a       0x88 ./SPI_program.o
                0x0000383a                SPI_u8TranceiveStringAsynch
 .text.__vector_12
                0x000038c2       0x8a ./SPI_program.o
                0x000038c2                __vector_12
 .text.SSD_u8SSD_ON
                0x0000394c       0x8e ./SSD_progom.o
                0x0000394c                SSD_u8SSD_ON
 .text.SSD_u8SSD_OFF
                0x000039da       0x8e ./SSD_progom.o
                0x000039da                SSD_u8SSD_OFF
 .text.SSD_u8SetNumber
                0x00003a68      0x456 ./SSD_progom.o
                0x00003a68                SSD_u8SetNumber
 .text.TMR_VidInit
                0x00003ebe       0xf8 ./TMR_program.o
                0x00003ebe                TMR_VidInit
 .text.TMR_u8EnableTimer
                0x00003fb6       0x74 ./TMR_program.o
                0x00003fb6                TMR_u8EnableTimer
 .text.TMR_u8DisableTimer
                0x0000402a       0xd6 ./TMR_program.o
                0x0000402a                TMR_u8DisableTimer
 .text.TMR_u8SetDutyCycle
                0x00004100      0x118 ./TMR_program.o
                0x00004100                TMR_u8SetDutyCycle
 .text.TMR_VidSetPWM
                0x00004218       0x18 ./TMR_program.o
                0x00004218                TMR_VidSetPWM
 .text.TMR_u8SetDesiredTime
                0x00004230      0x110 ./TMR_program.o
                0x00004230                TMR_u8SetDesiredTime
 .text.TMR_u8SetCallBack
                0x00004340       0x8c ./TMR_program.o
                0x00004340                TMR_u8SetCallBack
 .text.TMR_VidEnableIcuInterrupt
                0x000043cc       0x1c ./TMR_program.o
                0x000043cc                TMR_VidEnableIcuInterrupt
 .text.TMR_VidDisableIcuInterrupt
                0x000043e8       0x1c ./TMR_program.o
                0x000043e8                TMR_VidDisableIcuInterrupt
 .text.TMR_u8GetPeriod
                0x00004404       0x48 ./TMR_program.o
                0x00004404                TMR_u8GetPeriod
 .text.TMR_u8GetDutyCycle
                0x0000444c       0x3e ./TMR_program.o
                0x0000444c                TMR_u8GetDutyCycle
 .text.TMR_u8OnTime
                0x0000448a       0x48 ./TMR_program.o
                0x0000448a                TMR_u8OnTime
 .text.TMR_u8OffTime
                0x000044d2       0x58 ./TMR_program.o
                0x000044d2                TMR_u8OffTime
 .text.__vector_6
                0x0000452a       0xd4 ./TMR_program.o
                0x0000452a                __vector_6
 .text.__vector_11
                0x000045fe       0x9c ./TMR_program.o
                0x000045fe                __vector_11
 .text.__vector_9
                0x0000469a       0xba ./TMR_program.o
                0x0000469a                __vector_9
 .text.__vector_5
                0x00004754       0x9c ./TMR_program.o
                0x00004754                __vector_5
 .text.__vector_10
                0x000047f0       0x84 ./TMR_program.o
                0x000047f0                __vector_10
 .text.__vector_7
                0x00004874       0x84 ./TMR_program.o
                0x00004874                __vector_7
 .text.__vector_8
                0x000048f8       0x84 ./TMR_program.o
                0x000048f8                __vector_8
 .text.__vector_4
                0x0000497c       0x84 ./TMR_program.o
                0x0000497c                __vector_4
 .text.TMR_VidSetTIMER0OVFTime
                0x00004a00      0x262 ./TMR_program.o
 .text.TMR_VidSetTIMER1OVFTime
                0x00004c62      0x29a ./TMR_program.o
 .text.TMR_VidSetTIMER2OVFTime
                0x00004efc      0x262 ./TMR_program.o
 .text.TMR_VidSetTIMER0CTCTime
                0x0000515e      0x1e4 ./TMR_program.o
 .text.TMR_VidSetTIMER1CTCTime
                0x00005342      0x220 ./TMR_program.o
 .text.TMR_VidSetTIMER2CTCTime
                0x00005562      0x1e4 ./TMR_program.o
 .text.TWI_voidSlaveInit
                0x00005746       0x2c ./TWI_program.o
                0x00005746                TWI_voidSlaveInit
 .text.TWI_voidMasterInit
                0x00005772       0x3a ./TWI_program.o
                0x00005772                TWI_voidMasterInit
 .text.TWI_SendStartCondition
                0x000057ac       0x54 ./TWI_program.o
                0x000057ac                TWI_SendStartCondition
 .text.TWI_SendRepeatedStart
                0x00005800       0x54 ./TWI_program.o
                0x00005800                TWI_SendRepeatedStart
 .text.TWI_SendSlaveAddressWithWrite
                0x00005854       0x70 ./TWI_program.o
                0x00005854                TWI_SendSlaveAddressWithWrite
 .text.TWI_SendSlaveAddressWithRead
                0x000058c4       0x6a ./TWI_program.o
                0x000058c4                TWI_SendSlaveAddressWithRead
 .text.TWI_MasterWriteDataByte
                0x0000592e       0x52 ./TWI_program.o
                0x0000592e                TWI_MasterWriteDataByte
 .text.TWI_MasterReadDataByte
                0x00005980       0x7a ./TWI_program.o
                0x00005980                TWI_MasterReadDataByte
 .text.TWI_SendStopCondition
                0x000059fa       0x2a ./TWI_program.o
                0x000059fa                TWI_SendStopCondition
 .text.USART_VidInit
                0x00005a24       0xb6 ./USART_program.o
                0x00005a24                USART_VidInit
 .text.USART_u8SendByte
                0x00005ada       0x6c ./USART_program.o
                0x00005ada                USART_u8SendByte
 .text.USART_VidSendStringSynch
                0x00005b46       0x9c ./USART_program.o
                0x00005b46                USART_VidSendStringSynch
 .text.USART_VidSendStringAsynch
                0x00005be2       0x6a ./USART_program.o
                0x00005be2                USART_VidSendStringAsynch
 .text.USART_u8ReceiveByte
                0x00005c4c       0x78 ./USART_program.o
                0x00005c4c                USART_u8ReceiveByte
 .text.USART_VidReceiveStringSynch
                0x00005cc4       0xb8 ./USART_program.o
                0x00005cc4                USART_VidReceiveStringSynch
 .text.USART_VidReceiveStringAsynch
                0x00005d7c       0x6a ./USART_program.o
                0x00005d7c                USART_VidReceiveStringAsynch
 .text.__vector_13
                0x00005de6       0x88 ./USART_program.o
                0x00005de6                __vector_13
 .text.__vector_14
                0x00005e6e       0x6e ./USART_program.o
                0x00005e6e                __vector_14
 .text.__vector_15
                0x00005edc        0xe ./USART_program.o
                0x00005edc                __vector_15
 .text.WDT_VidInit
                0x00005eea       0x28 ./WDT_program.o
                0x00005eea                WDT_VidInit
 .text.WDT_u8SetTimeout
                0x00005f12       0x46 ./WDT_program.o
                0x00005f12                WDT_u8SetTimeout
 .text.WDT_VidEnable
                0x00005f58       0x1c ./WDT_program.o
                0x00005f58                WDT_VidEnable
 .text.WDT_VidDisable
                0x00005f74       0x22 ./WDT_program.o
                0x00005f74                WDT_VidDisable
 .text.WDT_VidResetTimer
                0x00005f96       0x10 ./WDT_program.o
                0x00005f96                WDT_VidResetTimer
 .text.main     0x00005fa6        0xa ./main.o
                0x00005fa6                main
 .text.libgcc   0x00005fb0       0x3e d:/imt_sdk_win_64/winavr/bin/../lib/gcc/avr/4.3.3/avr5\libgcc.a(_mulsi3.o)
                0x00005fb0                __mulsi3
 .text.libgcc   0x00005fee       0x28 d:/imt_sdk_win_64/winavr/bin/../lib/gcc/avr/4.3.3/avr5\libgcc.a(_udivmodhi4.o)
                0x00005fee                __udivmodhi4
 .text.libgcc   0x00006016       0x26 d:/imt_sdk_win_64/winavr/bin/../lib/gcc/avr/4.3.3/avr5\libgcc.a(_divmodhi4.o)
                0x00006016                __divmodhi4
                0x00006016                _div
 .text.libgcc   0x0000603c       0x36 d:/imt_sdk_win_64/winavr/bin/../lib/gcc/avr/4.3.3/avr5\libgcc.a(_divmodsi4.o)
                0x0000603c                __divmodsi4
 .text.libgcc   0x00006072        0x0 d:/imt_sdk_win_64/winavr/bin/../lib/gcc/avr/4.3.3/avr5\libgcc.a(_exit.o)
 .text.libgcc   0x00006072        0x0 d:/imt_sdk_win_64/winavr/bin/../lib/gcc/avr/4.3.3/avr5\libgcc.a(_copy_data.o)
 .text.libgcc   0x00006072        0x0 d:/imt_sdk_win_64/winavr/bin/../lib/gcc/avr/4.3.3/avr5\libgcc.a(_clear_bss.o)
 .text.libgcc   0x00006072       0x44 d:/imt_sdk_win_64/winavr/bin/../lib/gcc/avr/4.3.3/avr5\libgcc.a(_udivmodsi4.o)
                0x00006072                __udivmodsi4
 .text.libgcc   0x000060b6       0x38 d:/imt_sdk_win_64/winavr/bin/../lib/gcc/avr/4.3.3/avr5\libgcc.a(_prologue.o)
                0x000060b6                __prologue_saves__
 .text.libgcc   0x000060ee       0x36 d:/imt_sdk_win_64/winavr/bin/../lib/gcc/avr/4.3.3/avr5\libgcc.a(_epilogue.o)
                0x000060ee                __epilogue_restores__
                0x00006124                . = ALIGN (0x2)
 *(.fini9)
 .fini9         0x00006124        0x0 d:/imt_sdk_win_64/winavr/bin/../lib/gcc/avr/4.3.3/avr5\libgcc.a(_exit.o)
                0x00006124                exit
                0x00006124                _exit
 *(.fini9)
 *(.fini8)
 *(.fini8)
 *(.fini7)
 *(.fini7)
 *(.fini6)
 *(.fini6)
 *(.fini5)
 *(.fini5)
 *(.fini4)
 *(.fini4)
 *(.fini3)
 *(.fini3)
 *(.fini2)
 *(.fini2)
 *(.fini1)
 *(.fini1)
 *(.fini0)
 .fini0         0x00006124        0x4 d:/imt_sdk_win_64/winavr/bin/../lib/gcc/avr/4.3.3/avr5\libgcc.a(_exit.o)
 *(.fini0)
                0x00006128                _etext = .

.data           0x00800060      0x1b4 load address 0x00006128
                0x00800060                PROVIDE (__data_start, .)
 *(.data)
 .data          0x00800060        0x0 d:/imt_sdk_win_64/winavr/bin/../lib/gcc/avr/4.3.3/../../../../avr/lib/avr5/crtm32.o
 .data          0x00800060        0x0 ./ADC_program.o
 .data          0x00800060       0x7e ./AppMaster.o
 .data          0x008000de        0x0 ./CLCD_program.o
 .data          0x008000de        0x0 ./DCMOTOR_progam.o
 .data          0x008000de        0x0 ./DIO_program.o
 .data          0x008000de        0x0 ./EXTI_program.o
 .data          0x008000de        0x0 ./EXT_EEPROM_program.o
 .data          0x008000de        0x0 ./GIE_program.o
 .data          0x008000de        0x0 ./INT_EEPROM_program.o
 .data          0x008000de        0x0 ./KEYPAD_program.o
 .data          0x008000de        0x0 ./LDR_progom.o
 .data          0x008000de        0x0 ./LM35_progom.o
 .data          0x008000de        0x0 ./PORT_program.o
 .data          0x008000de        0x0 ./SPI_program.o
 .data          0x008000de        0x0 ./SSD_progom.o
 .data          0x008000de        0x0 ./TMR_program.o
 .data          0x008000de        0x0 ./TWI_program.o
 .data          0x008000de        0x0 ./USART_program.o
 .data          0x008000de        0x0 ./WDT_program.o
 .data          0x008000de        0x0 ./main.o
 .data          0x008000de        0x0 d:/imt_sdk_win_64/winavr/bin/../lib/gcc/avr/4.3.3/avr5\libgcc.a(_mulsi3.o)
 .data          0x008000de        0x0 d:/imt_sdk_win_64/winavr/bin/../lib/gcc/avr/4.3.3/avr5\libgcc.a(_udivmodhi4.o)
 .data          0x008000de        0x0 d:/imt_sdk_win_64/winavr/bin/../lib/gcc/avr/4.3.3/avr5\libgcc.a(_divmodhi4.o)
 .data          0x008000de        0x0 d:/imt_sdk_win_64/winavr/bin/../lib/gcc/avr/4.3.3/avr5\libgcc.a(_divmodsi4.o)
 .data          0x008000de        0x0 d:/imt_sdk_win_64/winavr/bin/../lib/gcc/avr/4.3.3/avr5\libgcc.a(_exit.o)
 .data          0x008000de        0x0 d:/imt_sdk_win_64/winavr/bin/../lib/gcc/avr/4.3.3/avr5\libgcc.a(_copy_data.o)
 .data          0x008000de        0x0 d:/imt_sdk_win_64/winavr/bin/../lib/gcc/avr/4.3.3/avr5\libgcc.a(_clear_bss.o)
 .data          0x008000de        0x0 d:/imt_sdk_win_64/winavr/bin/../lib/gcc/avr/4.3.3/avr5\libgcc.a(_fixunssfsi.o)
 .data          0x008000de        0x0 d:/imt_sdk_win_64/winavr/bin/../lib/gcc/avr/4.3.3/avr5\libgcc.a(_addsub_sf.o)
 .data          0x008000de        0x0 d:/imt_sdk_win_64/winavr/bin/../lib/gcc/avr/4.3.3/avr5\libgcc.a(_mul_sf.o)
 .data          0x008000de        0x0 d:/imt_sdk_win_64/winavr/bin/../lib/gcc/avr/4.3.3/avr5\libgcc.a(_div_sf.o)
 .data          0x008000de        0x0 d:/imt_sdk_win_64/winavr/bin/../lib/gcc/avr/4.3.3/avr5\libgcc.a(_eq_sf.o)
 .data          0x008000de        0x0 d:/imt_sdk_win_64/winavr/bin/../lib/gcc/avr/4.3.3/avr5\libgcc.a(_gt_sf.o)
 .data          0x008000de        0x0 d:/imt_sdk_win_64/winavr/bin/../lib/gcc/avr/4.3.3/avr5\libgcc.a(_ge_sf.o)
 .data          0x008000de        0x0 d:/imt_sdk_win_64/winavr/bin/../lib/gcc/avr/4.3.3/avr5\libgcc.a(_lt_sf.o)
 .data          0x008000de        0x0 d:/imt_sdk_win_64/winavr/bin/../lib/gcc/avr/4.3.3/avr5\libgcc.a(_sf_to_si.o)
 .data          0x008000de        0x8 d:/imt_sdk_win_64/winavr/bin/../lib/gcc/avr/4.3.3/avr5\libgcc.a(_thenan_sf.o)
                0x008000de                __thenan_sf
 .data          0x008000e6        0x0 d:/imt_sdk_win_64/winavr/bin/../lib/gcc/avr/4.3.3/avr5\libgcc.a(_usi_to_sf.o)
 .data          0x008000e6        0x0 d:/imt_sdk_win_64/winavr/bin/../lib/gcc/avr/4.3.3/avr5\libgcc.a(_udivmodsi4.o)
 .data          0x008000e6        0x0 d:/imt_sdk_win_64/winavr/bin/../lib/gcc/avr/4.3.3/avr5\libgcc.a(_prologue.o)
 .data          0x008000e6        0x0 d:/imt_sdk_win_64/winavr/bin/../lib/gcc/avr/4.3.3/avr5\libgcc.a(_epilogue.o)
 .data          0x008000e6        0x0 d:/imt_sdk_win_64/winavr/bin/../lib/gcc/avr/4.3.3/avr5\libgcc.a(_clzsi2.o)
 .data          0x008000e6        0x0 d:/imt_sdk_win_64/winavr/bin/../lib/gcc/avr/4.3.3/avr5\libgcc.a(_pack_sf.o)
 .data          0x008000e6        0x0 d:/imt_sdk_win_64/winavr/bin/../lib/gcc/avr/4.3.3/avr5\libgcc.a(_unpack_sf.o)
 .data          0x008000e6        0x0 d:/imt_sdk_win_64/winavr/bin/../lib/gcc/avr/4.3.3/avr5\libgcc.a(_fpcmp_parts_sf.o)
 .data          0x008000e6      0x100 d:/imt_sdk_win_64/winavr/bin/../lib/gcc/avr/4.3.3/avr5\libgcc.a(_clz.o)
                0x008000e6                __clz_tab
 *(.data*)
 .data.SSD      0x008001e6        0x5 ./AppMaster.o
                0x008001e6                SSD
 .data.ptrToSSD
                0x008001eb        0x2 ./AppMaster.o
                0x008001eb                ptrToSSD
 .data.Local_u8AttemptsLeft
                0x008001ed        0x1 ./AppMaster.o
                0x008001ed                Local_u8AttemptsLeft
 .data.Local_u8KEYPADRowArr.1279
                0x008001ee        0x4 ./KEYPAD_program.o
 .data.Local_u8KEYPADColumeArr.1278
                0x008001f2        0x4 ./KEYPAD_program.o
 .data.Local_u8KAYPADArr.1277
                0x008001f6       0x10 ./KEYPAD_program.o
 .data.ssd      0x00800206        0xa ./SSD_progom.o
                0x00800206                ssd
 .data.TMR_u32ReqTimer1Cntr
                0x00800210        0x4 ./TMR_program.o
 *(.rodata)
 *(.rodata*)
 *(.gnu.linkonce.d*)
                0x00800214                . = ALIGN (0x2)
                0x00800214                _edata = .
                0x00800214                PROVIDE (__data_end, .)

.bss            0x00800214       0x54
                0x00800214                PROVIDE (__bss_start, .)
 *(.bss)
 .bss           0x00800214        0x0 d:/imt_sdk_win_64/winavr/bin/../lib/gcc/avr/4.3.3/../../../../avr/lib/avr5/crtm32.o
 .bss           0x00800214        0x0 ./ADC_program.o
 .bss           0x00800214        0x0 ./AppMaster.o
 .bss           0x00800214        0x0 ./CLCD_program.o
 .bss           0x00800214        0x0 ./DCMOTOR_progam.o
 .bss           0x00800214        0x0 ./DIO_program.o
 .bss           0x00800214        0x0 ./EXTI_program.o
 .bss           0x00800214        0x0 ./EXT_EEPROM_program.o
 .bss           0x00800214        0x0 ./GIE_program.o
 .bss           0x00800214        0x0 ./INT_EEPROM_program.o
 .bss           0x00800214        0x0 ./KEYPAD_program.o
 .bss           0x00800214        0x0 ./LDR_progom.o
 .bss           0x00800214        0x0 ./LM35_progom.o
 .bss           0x00800214        0x0 ./PORT_program.o
 .bss           0x00800214        0x0 ./SPI_program.o
 .bss           0x00800214        0x0 ./SSD_progom.o
 .bss           0x00800214        0x0 ./TMR_program.o
 .bss           0x00800214        0x0 ./TWI_program.o
 .bss           0x00800214        0x0 ./USART_program.o
 .bss           0x00800214        0x0 ./WDT_program.o
 .bss           0x00800214        0x0 ./main.o
 .bss           0x00800214        0x0 d:/imt_sdk_win_64/winavr/bin/../lib/gcc/avr/4.3.3/avr5\libgcc.a(_mulsi3.o)
 .bss           0x00800214        0x0 d:/imt_sdk_win_64/winavr/bin/../lib/gcc/avr/4.3.3/avr5\libgcc.a(_udivmodhi4.o)
 .bss           0x00800214        0x0 d:/imt_sdk_win_64/winavr/bin/../lib/gcc/avr/4.3.3/avr5\libgcc.a(_divmodhi4.o)
 .bss           0x00800214        0x0 d:/imt_sdk_win_64/winavr/bin/../lib/gcc/avr/4.3.3/avr5\libgcc.a(_divmodsi4.o)
 .bss           0x00800214        0x0 d:/imt_sdk_win_64/winavr/bin/../lib/gcc/avr/4.3.3/avr5\libgcc.a(_exit.o)
 .bss           0x00800214        0x0 d:/imt_sdk_win_64/winavr/bin/../lib/gcc/avr/4.3.3/avr5\libgcc.a(_copy_data.o)
 .bss           0x00800214        0x0 d:/imt_sdk_win_64/winavr/bin/../lib/gcc/avr/4.3.3/avr5\libgcc.a(_clear_bss.o)
 .bss           0x00800214        0x0 d:/imt_sdk_win_64/winavr/bin/../lib/gcc/avr/4.3.3/avr5\libgcc.a(_fixunssfsi.o)
 .bss           0x00800214        0x0 d:/imt_sdk_win_64/winavr/bin/../lib/gcc/avr/4.3.3/avr5\libgcc.a(_addsub_sf.o)
 .bss           0x00800214        0x0 d:/imt_sdk_win_64/winavr/bin/../lib/gcc/avr/4.3.3/avr5\libgcc.a(_mul_sf.o)
 .bss           0x00800214        0x0 d:/imt_sdk_win_64/winavr/bin/../lib/gcc/avr/4.3.3/avr5\libgcc.a(_div_sf.o)
 .bss           0x00800214        0x0 d:/imt_sdk_win_64/winavr/bin/../lib/gcc/avr/4.3.3/avr5\libgcc.a(_eq_sf.o)
 .bss           0x00800214        0x0 d:/imt_sdk_win_64/winavr/bin/../lib/gcc/avr/4.3.3/avr5\libgcc.a(_gt_sf.o)
 .bss           0x00800214        0x0 d:/imt_sdk_win_64/winavr/bin/../lib/gcc/avr/4.3.3/avr5\libgcc.a(_ge_sf.o)
 .bss           0x00800214        0x0 d:/imt_sdk_win_64/winavr/bin/../lib/gcc/avr/4.3.3/avr5\libgcc.a(_lt_sf.o)
 .bss           0x00800214        0x0 d:/imt_sdk_win_64/winavr/bin/../lib/gcc/avr/4.3.3/avr5\libgcc.a(_sf_to_si.o)
 .bss           0x00800214        0x0 d:/imt_sdk_win_64/winavr/bin/../lib/gcc/avr/4.3.3/avr5\libgcc.a(_thenan_sf.o)
 .bss           0x00800214        0x0 d:/imt_sdk_win_64/winavr/bin/../lib/gcc/avr/4.3.3/avr5\libgcc.a(_usi_to_sf.o)
 .bss           0x00800214        0x0 d:/imt_sdk_win_64/winavr/bin/../lib/gcc/avr/4.3.3/avr5\libgcc.a(_udivmodsi4.o)
 .bss           0x00800214        0x0 d:/imt_sdk_win_64/winavr/bin/../lib/gcc/avr/4.3.3/avr5\libgcc.a(_prologue.o)
 .bss           0x00800214        0x0 d:/imt_sdk_win_64/winavr/bin/../lib/gcc/avr/4.3.3/avr5\libgcc.a(_epilogue.o)
 .bss           0x00800214        0x0 d:/imt_sdk_win_64/winavr/bin/../lib/gcc/avr/4.3.3/avr5\libgcc.a(_clzsi2.o)
 .bss           0x00800214        0x0 d:/imt_sdk_win_64/winavr/bin/../lib/gcc/avr/4.3.3/avr5\libgcc.a(_pack_sf.o)
 .bss           0x00800214        0x0 d:/imt_sdk_win_64/winavr/bin/../lib/gcc/avr/4.3.3/avr5\libgcc.a(_unpack_sf.o)
 .bss           0x00800214        0x0 d:/imt_sdk_win_64/winavr/bin/../lib/gcc/avr/4.3.3/avr5\libgcc.a(_fpcmp_parts_sf.o)
 .bss           0x00800214        0x0 d:/imt_sdk_win_64/winavr/bin/../lib/gcc/avr/4.3.3/avr5\libgcc.a(_clz.o)
 *(.bss*)
 .bss.ADC_pu16Reading
                0x00800214        0x2 ./ADC_program.o
 .bss.ADC_pvCallBackNotificationFunc
                0x00800216        0x2 ./ADC_program.o
 .bss.ADC_u8BusyState
                0x00800218        0x1 ./ADC_program.o
                0x00800218                ADC_u8BusyState
 .bss.ADC_pu8ChainChannelArr
                0x00800219        0x2 ./ADC_program.o
 .bss.ADC_pu16ChainResultArr
                0x0080021b        0x2 ./ADC_program.o
 .bss.ADC_u8ChainConverstionIndex
                0x0080021d        0x1 ./ADC_program.o
 .bss.ADC_u8ChainSize
                0x0080021e        0x1 ./ADC_program.o
 .bss.ADC_u8ISRSource
                0x0080021f        0x1 ./ADC_program.o
 .bss.EXTI_pvInt0Func
                0x00800220        0x2 ./EXTI_program.o
                0x00800220                EXTI_pvInt0Func
 .bss.EXTI_pvInt1Func
                0x00800222        0x2 ./EXTI_program.o
                0x00800222                EXTI_pvInt1Func
 .bss.EXTI_pvInt2Func
                0x00800224        0x2 ./EXTI_program.o
                0x00800224                EXTI_pvInt2Func
 .bss.PtrASynchCallback
                0x00800226        0x2 ./SPI_program.o
 .bss.SPI_Pu8TransmittedString
                0x00800228        0x2 ./SPI_program.o
 .bss.SPI_Pu8ReceivedString
                0x0080022a        0x2 ./SPI_program.o
 .bss.SPI_u8Index
                0x0080022c        0x1 ./SPI_program.o
 .bss.TMR_u32Timer0Cntr
                0x0080022d        0x4 ./TMR_program.o
 .bss.TMR_u32Timer1Cntr
                0x00800231        0x4 ./TMR_program.o
 .bss.TMR_u32Timer2Cntr
                0x00800235        0x4 ./TMR_program.o
 .bss.TMR_u32Timer0Preload
                0x00800239        0x4 ./TMR_program.o
 .bss.TMR_u32Timer1Preload
                0x0080023d        0x4 ./TMR_program.o
 .bss.TMR_u32Timer2Preload
                0x00800241        0x4 ./TMR_program.o
 .bss.TMR_u32ReqTimer0Cntr
                0x00800245        0x4 ./TMR_program.o
 .bss.TMR_u32ReqTimer2Cntr
                0x00800249        0x4 ./TMR_program.o
 .bss.PVCallBack
                0x0080024d        0x6 ./TMR_program.o
 .bss.Local_u16StopTime.2094
                0x00800253        0x2 ./TMR_program.o
 .bss.Local_u16StartTime.2093
                0x00800255        0x2 ./TMR_program.o
 .bss.Local_u8Flag.2092
                0x00800257        0x1 ./TMR_program.o
 .bss.TMR_u8Timer0CtrlRegValue
                0x00800258        0x1 ./TMR_program.o
 .bss.TMR_u8Timer1CtrlRegValue
                0x00800259        0x1 ./TMR_program.o
 .bss.TMR_u8Timer2CtrlRegValue
                0x0080025a        0x1 ./TMR_program.o
 .bss.TMR_u16ONTime
                0x0080025b        0x2 ./TMR_program.o
 .bss.TMR_u16TotalTime
                0x0080025d        0x2 ./TMR_program.o
 .bss.TMR_u16DutyCycle
                0x0080025f        0x2 ./TMR_program.o
 .bss.PtrASychCallback
                0x00800261        0x2 ./USART_program.o
 .bss.USART_Pu8TransmittedString
                0x00800263        0x2 ./USART_program.o
 .bss.USART_Pu8ReceivedString
                0x00800265        0x2 ./USART_program.o
 .bss.USART_u8Index
                0x00800267        0x1 ./USART_program.o
 *(COMMON)
                0x00800268                PROVIDE (__bss_end, .)
                0x00006128                __data_load_start = LOADADDR (.data)
                0x000062dc                __data_load_end = (__data_load_start + SIZEOF (.data))

.noinit         0x00800268        0x0
                0x00800268                PROVIDE (__noinit_start, .)
 *(.noinit*)
                0x00800268                PROVIDE (__noinit_end, .)
                0x00800268                _end = .
                0x00800268                PROVIDE (__heap_start, .)

.eeprom         0x00810000        0x0
 *(.eeprom*)
                0x00810000                __eeprom_end = .

.fuse
 *(.fuse)
 *(.lfuse)
 *(.hfuse)
 *(.efuse)

.lock
 *(.lock*)

.signature
 *(.signature*)

.stab           0x00000000     0x69f0
 *(.stab)
 .stab          0x00000000      0x6a8 ./ADC_program.o
 .stab          0x000006a8      0xe7c ./AppMaster.o
                                0xf0c (size before relaxing)
 .stab          0x00001524      0xbb8 ./CLCD_program.o
                                0xdbc (size before relaxing)
 .stab          0x000020dc      0x2dc ./DCMOTOR_progam.o
                                0x354 (size before relaxing)
 .stab          0x000023b8      0x3cc ./DIO_program.o
                                0x444 (size before relaxing)
 .stab          0x00002784      0x78c ./EXTI_program.o
                                0x804 (size before relaxing)
 .stab          0x00002f10      0x264 ./EXT_EEPROM_program.o
                                0x48c (size before relaxing)
 .stab          0x00003174      0x144 ./GIE_program.o
                                0x1bc (size before relaxing)
 .stab          0x000032b8      0x2dc ./INT_EEPROM_program.o
                                0x354 (size before relaxing)
 .stab          0x00003594      0x264 ./KEYPAD_program.o
                                0x468 (size before relaxing)
 .stab          0x000037f8      0x150 ./LDR_progom.o
                                0x1c8 (size before relaxing)
 .stab          0x00003948      0x150 ./LM35_progom.o
                                0x1c8 (size before relaxing)
 .stab          0x00003a98      0x168 ./PORT_program.o
                                0x1e0 (size before relaxing)
 .stab          0x00003c00      0x390 ./SPI_program.o
                                0x408 (size before relaxing)
 .stab          0x00003f90      0x468 ./SSD_progom.o
                                0x4f8 (size before relaxing)
 .stab          0x000043f8     0x14c4 ./TMR_program.o
                               0x1560 (size before relaxing)
 .stab          0x000058bc      0x5e8 ./TWI_program.o
                                0x684 (size before relaxing)
 .stab          0x00005ea4      0x7f8 ./USART_program.o
                                0x870 (size before relaxing)
 .stab          0x0000669c      0x264 ./WDT_program.o
                                0x2dc (size before relaxing)
 .stab          0x00006900       0xf0 ./main.o
                                 0xfc (size before relaxing)

.stabstr        0x00000000     0x2395
 *(.stabstr)
 .stabstr       0x00000000     0x2395 ./ADC_program.o

.stab.excl
 *(.stab.excl)

.stab.exclstr
 *(.stab.exclstr)

.stab.index
 *(.stab.index)

.stab.indexstr
 *(.stab.indexstr)

.comment
 *(.comment)

.debug
 *(.debug)

.line
 *(.line)

.debug_srcinfo
 *(.debug_srcinfo)

.debug_sfnames
 *(.debug_sfnames)

.debug_aranges  0x00000000      0x1c0
 *(.debug_aranges)
 .debug_aranges
                0x00000000       0x20 d:/imt_sdk_win_64/winavr/bin/../lib/gcc/avr/4.3.3/avr5\libgcc.a(_fixunssfsi.o)
 .debug_aranges
                0x00000020       0x20 d:/imt_sdk_win_64/winavr/bin/../lib/gcc/avr/4.3.3/avr5\libgcc.a(_addsub_sf.o)
 .debug_aranges
                0x00000040       0x20 d:/imt_sdk_win_64/winavr/bin/../lib/gcc/avr/4.3.3/avr5\libgcc.a(_mul_sf.o)
 .debug_aranges
                0x00000060       0x20 d:/imt_sdk_win_64/winavr/bin/../lib/gcc/avr/4.3.3/avr5\libgcc.a(_div_sf.o)
 .debug_aranges
                0x00000080       0x20 d:/imt_sdk_win_64/winavr/bin/../lib/gcc/avr/4.3.3/avr5\libgcc.a(_eq_sf.o)
 .debug_aranges
                0x000000a0       0x20 d:/imt_sdk_win_64/winavr/bin/../lib/gcc/avr/4.3.3/avr5\libgcc.a(_gt_sf.o)
 .debug_aranges
                0x000000c0       0x20 d:/imt_sdk_win_64/winavr/bin/../lib/gcc/avr/4.3.3/avr5\libgcc.a(_ge_sf.o)
 .debug_aranges
                0x000000e0       0x20 d:/imt_sdk_win_64/winavr/bin/../lib/gcc/avr/4.3.3/avr5\libgcc.a(_lt_sf.o)
 .debug_aranges
                0x00000100       0x20 d:/imt_sdk_win_64/winavr/bin/../lib/gcc/avr/4.3.3/avr5\libgcc.a(_sf_to_si.o)
 .debug_aranges
                0x00000120       0x20 d:/imt_sdk_win_64/winavr/bin/../lib/gcc/avr/4.3.3/avr5\libgcc.a(_usi_to_sf.o)
 .debug_aranges
                0x00000140       0x20 d:/imt_sdk_win_64/winavr/bin/../lib/gcc/avr/4.3.3/avr5\libgcc.a(_clzsi2.o)
 .debug_aranges
                0x00000160       0x20 d:/imt_sdk_win_64/winavr/bin/../lib/gcc/avr/4.3.3/avr5\libgcc.a(_pack_sf.o)
 .debug_aranges
                0x00000180       0x20 d:/imt_sdk_win_64/winavr/bin/../lib/gcc/avr/4.3.3/avr5\libgcc.a(_unpack_sf.o)
 .debug_aranges
                0x000001a0       0x20 d:/imt_sdk_win_64/winavr/bin/../lib/gcc/avr/4.3.3/avr5\libgcc.a(_fpcmp_parts_sf.o)

.debug_pubnames
                0x00000000      0x210
 *(.debug_pubnames)
 .debug_pubnames
                0x00000000       0x23 d:/imt_sdk_win_64/winavr/bin/../lib/gcc/avr/4.3.3/avr5\libgcc.a(_fixunssfsi.o)
 .debug_pubnames
                0x00000023       0x2c d:/imt_sdk_win_64/winavr/bin/../lib/gcc/avr/4.3.3/avr5\libgcc.a(_addsub_sf.o)
 .debug_pubnames
                0x0000004f       0x1f d:/imt_sdk_win_64/winavr/bin/../lib/gcc/avr/4.3.3/avr5\libgcc.a(_mul_sf.o)
 .debug_pubnames
                0x0000006e       0x1f d:/imt_sdk_win_64/winavr/bin/../lib/gcc/avr/4.3.3/avr5\libgcc.a(_div_sf.o)
 .debug_pubnames
                0x0000008d       0x1e d:/imt_sdk_win_64/winavr/bin/../lib/gcc/avr/4.3.3/avr5\libgcc.a(_eq_sf.o)
 .debug_pubnames
                0x000000ab       0x1e d:/imt_sdk_win_64/winavr/bin/../lib/gcc/avr/4.3.3/avr5\libgcc.a(_gt_sf.o)
 .debug_pubnames
                0x000000c9       0x1e d:/imt_sdk_win_64/winavr/bin/../lib/gcc/avr/4.3.3/avr5\libgcc.a(_ge_sf.o)
 .debug_pubnames
                0x000000e7       0x1e d:/imt_sdk_win_64/winavr/bin/../lib/gcc/avr/4.3.3/avr5\libgcc.a(_lt_sf.o)
 .debug_pubnames
                0x00000105       0x20 d:/imt_sdk_win_64/winavr/bin/../lib/gcc/avr/4.3.3/avr5\libgcc.a(_sf_to_si.o)
 .debug_pubnames
                0x00000125       0x22 d:/imt_sdk_win_64/winavr/bin/../lib/gcc/avr/4.3.3/avr5\libgcc.a(_thenan_sf.o)
 .debug_pubnames
                0x00000147       0x24 d:/imt_sdk_win_64/winavr/bin/../lib/gcc/avr/4.3.3/avr5\libgcc.a(_usi_to_sf.o)
 .debug_pubnames
                0x0000016b       0x1f d:/imt_sdk_win_64/winavr/bin/../lib/gcc/avr/4.3.3/avr5\libgcc.a(_clzsi2.o)
 .debug_pubnames
                0x0000018a       0x1f d:/imt_sdk_win_64/winavr/bin/../lib/gcc/avr/4.3.3/avr5\libgcc.a(_pack_sf.o)
 .debug_pubnames
                0x000001a9       0x21 d:/imt_sdk_win_64/winavr/bin/../lib/gcc/avr/4.3.3/avr5\libgcc.a(_unpack_sf.o)
 .debug_pubnames
                0x000001ca       0x26 d:/imt_sdk_win_64/winavr/bin/../lib/gcc/avr/4.3.3/avr5\libgcc.a(_fpcmp_parts_sf.o)
 .debug_pubnames
                0x000001f0       0x20 d:/imt_sdk_win_64/winavr/bin/../lib/gcc/avr/4.3.3/avr5\libgcc.a(_clz.o)

.debug_info     0x00000000     0x268a
 *(.debug_info)
 .debug_info    0x00000000       0xb1 d:/imt_sdk_win_64/winavr/bin/../lib/gcc/avr/4.3.3/avr5\libgcc.a(_fixunssfsi.o)
 .debug_info    0x000000b1      0x47a d:/imt_sdk_win_64/winavr/bin/../lib/gcc/avr/4.3.3/avr5\libgcc.a(_addsub_sf.o)
 .debug_info    0x0000052b      0x485 d:/imt_sdk_win_64/winavr/bin/../lib/gcc/avr/4.3.3/avr5\libgcc.a(_mul_sf.o)
 .debug_info    0x000009b0      0x3fc d:/imt_sdk_win_64/winavr/bin/../lib/gcc/avr/4.3.3/avr5\libgcc.a(_div_sf.o)
 .debug_info    0x00000dac      0x27f d:/imt_sdk_win_64/winavr/bin/../lib/gcc/avr/4.3.3/avr5\libgcc.a(_eq_sf.o)
 .debug_info    0x0000102b      0x27f d:/imt_sdk_win_64/winavr/bin/../lib/gcc/avr/4.3.3/avr5\libgcc.a(_gt_sf.o)
 .debug_info    0x000012aa      0x27f d:/imt_sdk_win_64/winavr/bin/../lib/gcc/avr/4.3.3/avr5\libgcc.a(_ge_sf.o)
 .debug_info    0x00001529      0x27f d:/imt_sdk_win_64/winavr/bin/../lib/gcc/avr/4.3.3/avr5\libgcc.a(_lt_sf.o)
 .debug_info    0x000017a8      0x2b0 d:/imt_sdk_win_64/winavr/bin/../lib/gcc/avr/4.3.3/avr5\libgcc.a(_sf_to_si.o)
 .debug_info    0x00001a58      0x12c d:/imt_sdk_win_64/winavr/bin/../lib/gcc/avr/4.3.3/avr5\libgcc.a(_thenan_sf.o)
 .debug_info    0x00001b84      0x206 d:/imt_sdk_win_64/winavr/bin/../lib/gcc/avr/4.3.3/avr5\libgcc.a(_usi_to_sf.o)
 .debug_info    0x00001d8a      0x117 d:/imt_sdk_win_64/winavr/bin/../lib/gcc/avr/4.3.3/avr5\libgcc.a(_clzsi2.o)
 .debug_info    0x00001ea1      0x2df d:/imt_sdk_win_64/winavr/bin/../lib/gcc/avr/4.3.3/avr5\libgcc.a(_pack_sf.o)
 .debug_info    0x00002180      0x251 d:/imt_sdk_win_64/winavr/bin/../lib/gcc/avr/4.3.3/avr5\libgcc.a(_unpack_sf.o)
 .debug_info    0x000023d1      0x210 d:/imt_sdk_win_64/winavr/bin/../lib/gcc/avr/4.3.3/avr5\libgcc.a(_fpcmp_parts_sf.o)
 .debug_info    0x000025e1       0xa9 d:/imt_sdk_win_64/winavr/bin/../lib/gcc/avr/4.3.3/avr5\libgcc.a(_clz.o)
 *(.gnu.linkonce.wi.*)

.debug_abbrev   0x00000000     0x14e0
 *(.debug_abbrev)
 .debug_abbrev  0x00000000       0x5d d:/imt_sdk_win_64/winavr/bin/../lib/gcc/avr/4.3.3/avr5\libgcc.a(_fixunssfsi.o)
 .debug_abbrev  0x0000005d      0x1ea d:/imt_sdk_win_64/winavr/bin/../lib/gcc/avr/4.3.3/avr5\libgcc.a(_addsub_sf.o)
 .debug_abbrev  0x00000247      0x21b d:/imt_sdk_win_64/winavr/bin/../lib/gcc/avr/4.3.3/avr5\libgcc.a(_mul_sf.o)
 .debug_abbrev  0x00000462      0x216 d:/imt_sdk_win_64/winavr/bin/../lib/gcc/avr/4.3.3/avr5\libgcc.a(_div_sf.o)
 .debug_abbrev  0x00000678      0x15a d:/imt_sdk_win_64/winavr/bin/../lib/gcc/avr/4.3.3/avr5\libgcc.a(_eq_sf.o)
 .debug_abbrev  0x000007d2      0x15a d:/imt_sdk_win_64/winavr/bin/../lib/gcc/avr/4.3.3/avr5\libgcc.a(_gt_sf.o)
 .debug_abbrev  0x0000092c      0x15a d:/imt_sdk_win_64/winavr/bin/../lib/gcc/avr/4.3.3/avr5\libgcc.a(_ge_sf.o)
 .debug_abbrev  0x00000a86      0x15a d:/imt_sdk_win_64/winavr/bin/../lib/gcc/avr/4.3.3/avr5\libgcc.a(_lt_sf.o)
 .debug_abbrev  0x00000be0      0x17f d:/imt_sdk_win_64/winavr/bin/../lib/gcc/avr/4.3.3/avr5\libgcc.a(_sf_to_si.o)
 .debug_abbrev  0x00000d5f       0xad d:/imt_sdk_win_64/winavr/bin/../lib/gcc/avr/4.3.3/avr5\libgcc.a(_thenan_sf.o)
 .debug_abbrev  0x00000e0c      0x157 d:/imt_sdk_win_64/winavr/bin/../lib/gcc/avr/4.3.3/avr5\libgcc.a(_usi_to_sf.o)
 .debug_abbrev  0x00000f63       0xc4 d:/imt_sdk_win_64/winavr/bin/../lib/gcc/avr/4.3.3/avr5\libgcc.a(_clzsi2.o)
 .debug_abbrev  0x00001027      0x1c0 d:/imt_sdk_win_64/winavr/bin/../lib/gcc/avr/4.3.3/avr5\libgcc.a(_pack_sf.o)
 .debug_abbrev  0x000011e7      0x154 d:/imt_sdk_win_64/winavr/bin/../lib/gcc/avr/4.3.3/avr5\libgcc.a(_unpack_sf.o)
 .debug_abbrev  0x0000133b      0x13b d:/imt_sdk_win_64/winavr/bin/../lib/gcc/avr/4.3.3/avr5\libgcc.a(_fpcmp_parts_sf.o)
 .debug_abbrev  0x00001476       0x6a d:/imt_sdk_win_64/winavr/bin/../lib/gcc/avr/4.3.3/avr5\libgcc.a(_clz.o)

.debug_line     0x00000000     0x12a9
 *(.debug_line)
 .debug_line    0x00000000       0xa7 d:/imt_sdk_win_64/winavr/bin/../lib/gcc/avr/4.3.3/avr5\libgcc.a(_fixunssfsi.o)
 .debug_line    0x000000a7      0x2af d:/imt_sdk_win_64/winavr/bin/../lib/gcc/avr/4.3.3/avr5\libgcc.a(_addsub_sf.o)
 .debug_line    0x00000356      0x239 d:/imt_sdk_win_64/winavr/bin/../lib/gcc/avr/4.3.3/avr5\libgcc.a(_mul_sf.o)
 .debug_line    0x0000058f      0x1d5 d:/imt_sdk_win_64/winavr/bin/../lib/gcc/avr/4.3.3/avr5\libgcc.a(_div_sf.o)
 .debug_line    0x00000764       0xd3 d:/imt_sdk_win_64/winavr/bin/../lib/gcc/avr/4.3.3/avr5\libgcc.a(_eq_sf.o)
 .debug_line    0x00000837       0xd3 d:/imt_sdk_win_64/winavr/bin/../lib/gcc/avr/4.3.3/avr5\libgcc.a(_gt_sf.o)
 .debug_line    0x0000090a       0xd3 d:/imt_sdk_win_64/winavr/bin/../lib/gcc/avr/4.3.3/avr5\libgcc.a(_ge_sf.o)
 .debug_line    0x000009dd       0xd3 d:/imt_sdk_win_64/winavr/bin/../lib/gcc/avr/4.3.3/avr5\libgcc.a(_lt_sf.o)
 .debug_line    0x00000ab0      0x109 d:/imt_sdk_win_64/winavr/bin/../lib/gcc/avr/4.3.3/avr5\libgcc.a(_sf_to_si.o)
 .debug_line    0x00000bb9       0x90 d:/imt_sdk_win_64/winavr/bin/../lib/gcc/avr/4.3.3/avr5\libgcc.a(_thenan_sf.o)
 .debug_line    0x00000c49      0x133 d:/imt_sdk_win_64/winavr/bin/../lib/gcc/avr/4.3.3/avr5\libgcc.a(_usi_to_sf.o)
 .debug_line    0x00000d7c       0xa5 d:/imt_sdk_win_64/winavr/bin/../lib/gcc/avr/4.3.3/avr5\libgcc.a(_clzsi2.o)
 .debug_line    0x00000e21      0x18a d:/imt_sdk_win_64/winavr/bin/../lib/gcc/avr/4.3.3/avr5\libgcc.a(_pack_sf.o)
 .debug_line    0x00000fab      0x14b d:/imt_sdk_win_64/winavr/bin/../lib/gcc/avr/4.3.3/avr5\libgcc.a(_unpack_sf.o)
 .debug_line    0x000010f6      0x137 d:/imt_sdk_win_64/winavr/bin/../lib/gcc/avr/4.3.3/avr5\libgcc.a(_fpcmp_parts_sf.o)
 .debug_line    0x0000122d       0x7c d:/imt_sdk_win_64/winavr/bin/../lib/gcc/avr/4.3.3/avr5\libgcc.a(_clz.o)

.debug_frame    0x00000000      0x1e0
 *(.debug_frame)
 .debug_frame   0x00000000       0x20 d:/imt_sdk_win_64/winavr/bin/../lib/gcc/avr/4.3.3/avr5\libgcc.a(_fixunssfsi.o)
 .debug_frame   0x00000020       0x40 d:/imt_sdk_win_64/winavr/bin/../lib/gcc/avr/4.3.3/avr5\libgcc.a(_addsub_sf.o)
 .debug_frame   0x00000060       0x20 d:/imt_sdk_win_64/winavr/bin/../lib/gcc/avr/4.3.3/avr5\libgcc.a(_mul_sf.o)
 .debug_frame   0x00000080       0x20 d:/imt_sdk_win_64/winavr/bin/../lib/gcc/avr/4.3.3/avr5\libgcc.a(_div_sf.o)
 .debug_frame   0x000000a0       0x20 d:/imt_sdk_win_64/winavr/bin/../lib/gcc/avr/4.3.3/avr5\libgcc.a(_eq_sf.o)
 .debug_frame   0x000000c0       0x20 d:/imt_sdk_win_64/winavr/bin/../lib/gcc/avr/4.3.3/avr5\libgcc.a(_gt_sf.o)
 .debug_frame   0x000000e0       0x20 d:/imt_sdk_win_64/winavr/bin/../lib/gcc/avr/4.3.3/avr5\libgcc.a(_ge_sf.o)
 .debug_frame   0x00000100       0x20 d:/imt_sdk_win_64/winavr/bin/../lib/gcc/avr/4.3.3/avr5\libgcc.a(_lt_sf.o)
 .debug_frame   0x00000120       0x20 d:/imt_sdk_win_64/winavr/bin/../lib/gcc/avr/4.3.3/avr5\libgcc.a(_sf_to_si.o)
 .debug_frame   0x00000140       0x20 d:/imt_sdk_win_64/winavr/bin/../lib/gcc/avr/4.3.3/avr5\libgcc.a(_usi_to_sf.o)
 .debug_frame   0x00000160       0x20 d:/imt_sdk_win_64/winavr/bin/../lib/gcc/avr/4.3.3/avr5\libgcc.a(_clzsi2.o)
 .debug_frame   0x00000180       0x20 d:/imt_sdk_win_64/winavr/bin/../lib/gcc/avr/4.3.3/avr5\libgcc.a(_pack_sf.o)
 .debug_frame   0x000001a0       0x20 d:/imt_sdk_win_64/winavr/bin/../lib/gcc/avr/4.3.3/avr5\libgcc.a(_unpack_sf.o)
 .debug_frame   0x000001c0       0x20 d:/imt_sdk_win_64/winavr/bin/../lib/gcc/avr/4.3.3/avr5\libgcc.a(_fpcmp_parts_sf.o)

.debug_str      0x00000000      0x2fe
 *(.debug_str)
 .debug_str     0x00000000       0xbf d:/imt_sdk_win_64/winavr/bin/../lib/gcc/avr/4.3.3/avr5\libgcc.a(_fixunssfsi.o)
                                 0xfe (size before relaxing)
 .debug_str     0x000000bf      0x14d d:/imt_sdk_win_64/winavr/bin/../lib/gcc/avr/4.3.3/avr5\libgcc.a(_addsub_sf.o)
                                0x206 (size before relaxing)
 .debug_str     0x0000020c       0x27 d:/imt_sdk_win_64/winavr/bin/../lib/gcc/avr/4.3.3/avr5\libgcc.a(_mul_sf.o)
                                0x1bf (size before relaxing)
 .debug_str     0x00000233       0x35 d:/imt_sdk_win_64/winavr/bin/../lib/gcc/avr/4.3.3/avr5\libgcc.a(_div_sf.o)
                                0x1c8 (size before relaxing)
 .debug_str     0x00000268        0x8 d:/imt_sdk_win_64/winavr/bin/../lib/gcc/avr/4.3.3/avr5\libgcc.a(_eq_sf.o)
                                0x195 (size before relaxing)
 .debug_str     0x00000270        0x8 d:/imt_sdk_win_64/winavr/bin/../lib/gcc/avr/4.3.3/avr5\libgcc.a(_gt_sf.o)
                                0x195 (size before relaxing)
 .debug_str     0x00000278        0x8 d:/imt_sdk_win_64/winavr/bin/../lib/gcc/avr/4.3.3/avr5\libgcc.a(_ge_sf.o)
                                0x195 (size before relaxing)
 .debug_str     0x00000280        0x8 d:/imt_sdk_win_64/winavr/bin/../lib/gcc/avr/4.3.3/avr5\libgcc.a(_lt_sf.o)
                                0x195 (size before relaxing)
 .debug_str     0x00000288        0xa d:/imt_sdk_win_64/winavr/bin/../lib/gcc/avr/4.3.3/avr5\libgcc.a(_sf_to_si.o)
                                0x19e (size before relaxing)
 .debug_str     0x00000000      0x103 d:/imt_sdk_win_64/winavr/bin/../lib/gcc/avr/4.3.3/avr5\libgcc.a(_thenan_sf.o)
 .debug_str     0x00000292       0x21 d:/imt_sdk_win_64/winavr/bin/../lib/gcc/avr/4.3.3/avr5\libgcc.a(_usi_to_sf.o)
                                0x177 (size before relaxing)
 .debug_str     0x000002b3       0x20 d:/imt_sdk_win_64/winavr/bin/../lib/gcc/avr/4.3.3/avr5\libgcc.a(_clzsi2.o)
                                0x111 (size before relaxing)
 .debug_str     0x000002d3       0x10 d:/imt_sdk_win_64/winavr/bin/../lib/gcc/avr/4.3.3/avr5\libgcc.a(_pack_sf.o)
                                0x19d (size before relaxing)
 .debug_str     0x000002e3        0xb d:/imt_sdk_win_64/winavr/bin/../lib/gcc/avr/4.3.3/avr5\libgcc.a(_unpack_sf.o)
                                0x17f (size before relaxing)
 .debug_str     0x000002ee       0x10 d:/imt_sdk_win_64/winavr/bin/../lib/gcc/avr/4.3.3/avr5\libgcc.a(_fpcmp_parts_sf.o)
                                0x163 (size before relaxing)
 .debug_str     0x00000000       0xf4 d:/imt_sdk_win_64/winavr/bin/../lib/gcc/avr/4.3.3/avr5\libgcc.a(_clz.o)

.debug_loc      0x00000000      0x9aa
 *(.debug_loc)
 .debug_loc     0x00000000       0x34 d:/imt_sdk_win_64/winavr/bin/../lib/gcc/avr/4.3.3/avr5\libgcc.a(_fixunssfsi.o)
 .debug_loc     0x00000034      0x32a d:/imt_sdk_win_64/winavr/bin/../lib/gcc/avr/4.3.3/avr5\libgcc.a(_addsub_sf.o)
 .debug_loc     0x0000035e      0x104 d:/imt_sdk_win_64/winavr/bin/../lib/gcc/avr/4.3.3/avr5\libgcc.a(_mul_sf.o)
 .debug_loc     0x00000462       0xc0 d:/imt_sdk_win_64/winavr/bin/../lib/gcc/avr/4.3.3/avr5\libgcc.a(_div_sf.o)
 .debug_loc     0x00000522       0x3c d:/imt_sdk_win_64/winavr/bin/../lib/gcc/avr/4.3.3/avr5\libgcc.a(_eq_sf.o)
 .debug_loc     0x0000055e       0x3c d:/imt_sdk_win_64/winavr/bin/../lib/gcc/avr/4.3.3/avr5\libgcc.a(_gt_sf.o)
 .debug_loc     0x0000059a       0x3c d:/imt_sdk_win_64/winavr/bin/../lib/gcc/avr/4.3.3/avr5\libgcc.a(_ge_sf.o)
 .debug_loc     0x000005d6       0x3c d:/imt_sdk_win_64/winavr/bin/../lib/gcc/avr/4.3.3/avr5\libgcc.a(_lt_sf.o)
 .debug_loc     0x00000612       0x7e d:/imt_sdk_win_64/winavr/bin/../lib/gcc/avr/4.3.3/avr5\libgcc.a(_sf_to_si.o)
 .debug_loc     0x00000690       0x4c d:/imt_sdk_win_64/winavr/bin/../lib/gcc/avr/4.3.3/avr5\libgcc.a(_usi_to_sf.o)
 .debug_loc     0x000006dc       0x94 d:/imt_sdk_win_64/winavr/bin/../lib/gcc/avr/4.3.3/avr5\libgcc.a(_clzsi2.o)
 .debug_loc     0x00000770      0x13e d:/imt_sdk_win_64/winavr/bin/../lib/gcc/avr/4.3.3/avr5\libgcc.a(_pack_sf.o)
 .debug_loc     0x000008ae       0xac d:/imt_sdk_win_64/winavr/bin/../lib/gcc/avr/4.3.3/avr5\libgcc.a(_unpack_sf.o)
 .debug_loc     0x0000095a       0x50 d:/imt_sdk_win_64/winavr/bin/../lib/gcc/avr/4.3.3/avr5\libgcc.a(_fpcmp_parts_sf.o)

.debug_macinfo
 *(.debug_macinfo)
OUTPUT(SmartHome_Master.elf elf32-avr)
LOAD linker stubs

.debug_ranges   0x00000000       0x50
 .debug_ranges  0x00000000       0x50 d:/imt_sdk_win_64/winavr/bin/../lib/gcc/avr/4.3.3/avr5\libgcc.a(_mul_sf.o)
